137.226.113.27 - - [24/Dec/2019:16:01:11 +0100] "GET / HTTP/1.1" 200 13547 "-" "Mozilla/5.0 zgrab/0.x (compatible; Researchscan/t12sns; +http://researchscan.comsys.rwth-aachen.de)"
209.17.96.114 - - [24/Dec/2019:22:23:37 +0100] "GET / HTTP/1.1" 200 66836 "-" "Mozilla/5.0 (compatible; Nimbostratus-Bot/v1.3.2; http://cloudsystemnetworks.com)"
137.226.113.34 - - [24/Dec/2019:23:22:53 +0100] "GET / HTTP/2" 200 13062 "-" "Mozilla/5.0 (X11; Ubuntu; Linux x86_64; rv:50.0) Gecko/20100101 Firefox/50.0"
137.226.113.34 - - [24/Dec/2019:23:22:53 +0100] "GET /images/ig-logo.svg HTTP/2" 200 1090 "-" "Mozilla/5.0 (X11; Ubuntu; Linux x86_64; rv:50.0) Gecko/20100101 Firefox/50.0"
137.226.113.34 - - [24/Dec/2019:23:22:53 +0100] "GET /images/hb-hiring.svg HTTP/2" 200 1882 "-" "Mozilla/5.0 (X11; Ubuntu; Linux x86_64; rv:50.0) Gecko/20100101 Firefox/50.0"
137.226.113.34 - - [24/Dec/2019:23:22:53 +0100] "GET /images/quote1.svg HTTP/2" 200 745 "-" "Mozilla/5.0 (X11; Ubuntu; Linux x86_64; rv:50.0) Gecko/20100101 Firefox/50.0"
137.226.113.34 - - [24/Dec/2019:23:22:53 +0100] "GET /images/aina-foo.svg HTTP/2" 200 651 "-" "Mozilla/5.0 (X11; Ubuntu; Linux x86_64; rv:50.0) Gecko/20100101 Firefox/50.0"
137.226.113.34 - - [24/Dec/2019:23:22:53 +0100] "GET /images/irongate-foo.svg HTTP/2" 200 513 "-" "Mozilla/5.0 (X11; Ubuntu; Linux x86_64; rv:50.0) Gecko/20100101 Firefox/50.0"
137.226.113.34 - - [24/Dec/2019:23:22:53 +0100] "GET /images/laplana-foo.svg HTTP/2" 200 5210 "-" "Mozilla/5.0 (X11; Ubuntu; Linux x86_64; rv:50.0) Gecko/20100101 Firefox/50.0"
137.226.113.34 - - [24/Dec/2019:23:22:53 +0100] "GET /images/ig-hispania-foo.svg HTTP/2" 200 643 "-" "Mozilla/5.0 (X11; Ubuntu; Linux x86_64; rv:50.0) Gecko/20100101 Firefox/50.0"
137.226.113.34 - - [24/Dec/2019:23:22:53 +0100] "GET /images/ahora-logo.png HTTP/2" 200 15057 "-" "Mozilla/5.0 (X11; Ubuntu; Linux x86_64; rv:50.0) Gecko/20100101 Firefox/50.0"
137.226.113.34 - - [24/Dec/2019:23:22:53 +0100] "GET /images/flexygo-logo.png HTTP/2" 200 13303 "-" "Mozilla/5.0 (X11; Ubuntu; Linux x86_64; rv:50.0) Gecko/20100101 Firefox/50.0"
137.226.113.34 - - [24/Dec/2019:23:22:53 +0100] "GET /images/clients/refrigeracions-miquel-garcia.png HTTP/2" 200 11123 "-" "Mozilla/5.0 (X11; Ubuntu; Linux x86_64; rv:50.0) Gecko/20100101 Firefox/50.0"
137.226.113.34 - - [24/Dec/2019:23:22:53 +0100] "GET /images/clients/just-packaging.png HTTP/2" 200 12624 "-" "Mozilla/5.0 (X11; Ubuntu; Linux x86_64; rv:50.0) Gecko/20100101 Firefox/50.0"
137.226.113.34 - - [24/Dec/2019:23:22:53 +0100] "GET /images/clients/circusa.png HTTP/2" 200 22426 "-" "Mozilla/5.0 (X11; Ubuntu; Linux x86_64; rv:50.0) Gecko/20100101 Firefox/50.0"
137.226.113.34 - - [24/Dec/2019:23:22:53 +0100] "GET /images/clients/cereales-vicente-lopez.png HTTP/2" 200 20178 "-" "Mozilla/5.0 (X11; Ubuntu; Linux x86_64; rv:50.0) Gecko/20100101 Firefox/50.0"
137.226.113.34 - - [24/Dec/2019:23:22:53 +0100] "GET /images/blog/entrevista-affinity.jpg HTTP/2" 200 30383 "-" "Mozilla/5.0 (X11; Ubuntu; Linux x86_64; rv:50.0) Gecko/20100101 Firefox/50.0"
137.226.113.34 - - [24/Dec/2019:23:22:53 +0100] "GET /images/blog/entrevista-igelephant.jpg HTTP/2" 200 27211 "-" "Mozilla/5.0 (X11; Ubuntu; Linux x86_64; rv:50.0) Gecko/20100101 Firefox/50.0"
137.226.113.34 - - [24/Dec/2019:23:22:53 +0100] "GET /images/sage-silver-reseller.png HTTP/2" 200 36465 "-" "Mozilla/5.0 (X11; Ubuntu; Linux x86_64; rv:50.0) Gecko/20100101 Firefox/50.0"
137.226.113.34 - - [24/Dec/2019:23:22:53 +0100] "GET /images/sage-logo.png HTTP/2" 200 15028 "-" "Mozilla/5.0 (X11; Ubuntu; Linux x86_64; rv:50.0) Gecko/20100101 Firefox/50.0"
137.226.113.34 - - [24/Dec/2019:23:22:53 +0100] "GET /images/clients/semillas-el-solc.png HTTP/2" 200 35328 "-" "Mozilla/5.0 (X11; Ubuntu; Linux x86_64; rv:50.0) Gecko/20100101 Firefox/50.0"
137.226.113.34 - - [24/Dec/2019:23:22:53 +0100] "GET /images/clients/arenes-bellpuig.png HTTP/2" 200 17575 "-" "Mozilla/5.0 (X11; Ubuntu; Linux x86_64; rv:50.0) Gecko/20100101 Firefox/50.0"
137.226.113.34 - - [24/Dec/2019:23:22:53 +0100] "GET /images/equipo/felix-portabella.jpg HTTP/2" 200 41057 "-" "Mozilla/5.0 (X11; Ubuntu; Linux x86_64; rv:50.0) Gecko/20100101 Firefox/50.0"
137.226.113.34 - - [24/Dec/2019:23:22:53 +0100] "GET /images/clients/repara-tus-llantas.png HTTP/2" 200 50907 "-" "Mozilla/5.0 (X11; Ubuntu; Linux x86_64; rv:50.0) Gecko/20100101 Firefox/50.0"
137.226.113.34 - - [24/Dec/2019:23:22:53 +0100] "GET /images/clients/dolset.png HTTP/2" 200 36714 "-" "Mozilla/5.0 (X11; Ubuntu; Linux x86_64; rv:50.0) Gecko/20100101 Firefox/50.0"
137.226.113.34 - - [24/Dec/2019:23:22:53 +0100] "GET /images/affinity-solutions-foo.svg HTTP/2" 200 168568 "-" "Mozilla/5.0 (X11; Ubuntu; Linux x86_64; rv:50.0) Gecko/20100101 Firefox/50.0"
137.226.113.34 - - [24/Dec/2019:23:22:53 +0100] "GET /images/ptf9.png HTTP/2" 200 170620 "-" "Mozilla/5.0 (X11; Ubuntu; Linux x86_64; rv:50.0) Gecko/20100101 Firefox/50.0"
137.226.113.34 - - [24/Dec/2019:23:22:54 +0100] "GET /fonts/font-awesome/css/font-awesome.min.css HTTP/2" 200 7952 "-" "Mozilla/5.0 (X11; Ubuntu; Linux x86_64; rv:50.0) Gecko/20100101 Firefox/50.0"
137.226.113.34 - - [24/Dec/2019:23:22:54 +0100] "GET /css/sliders/portfolio-slider/portfolio-slider.css HTTP/2" 200 1710 "-" "Mozilla/5.0 (X11; Ubuntu; Linux x86_64; rv:50.0) Gecko/20100101 Firefox/50.0"
137.226.113.34 - - [24/Dec/2019:23:22:54 +0100] "GET /css/base-sizing.css HTTP/2" 200 9021 "-" "Mozilla/5.0 (X11; Ubuntu; Linux x86_64; rv:50.0) Gecko/20100101 Firefox/50.0"
137.226.113.34 - - [24/Dec/2019:23:22:54 +0100] "GET /css/custom.css HTTP/2" 200 459 "-" "Mozilla/5.0 (X11; Ubuntu; Linux x86_64; rv:50.0) Gecko/20100101 Firefox/50.0"
137.226.113.34 - - [24/Dec/2019:23:22:54 +0100] "GET /js/modernizr.min.js HTTP/2" 200 5774 "-" "Mozilla/5.0 (X11; Ubuntu; Linux x86_64; rv:50.0) Gecko/20100101 Firefox/50.0"
137.226.113.34 - - [24/Dec/2019:23:22:54 +0100] "GET /js/plugins/_sliders/slick/slick.js HTTP/2" 200 14956 "-" "Mozilla/5.0 (X11; Ubuntu; Linux x86_64; rv:50.0) Gecko/20100101 Firefox/50.0"
137.226.113.34 - - [24/Dec/2019:23:22:54 +0100] "GET /js/trigger/kl-slick-slider.js HTTP/2" 200 1385 "-" "Mozilla/5.0 (X11; Ubuntu; Linux x86_64; rv:50.0) Gecko/20100101 Firefox/50.0"
137.226.113.34 - - [24/Dec/2019:23:22:54 +0100] "GET /js/plugins/jquery.gmap.min.js HTTP/2" 200 1483 "-" "Mozilla/5.0 (X11; Ubuntu; Linux x86_64; rv:50.0) Gecko/20100101 Firefox/50.0"
137.226.113.34 - - [24/Dec/2019:23:22:54 +0100] "GET /js/trigger/kl-google-maps-style2.js HTTP/2" 200 1266 "-" "Mozilla/5.0 (X11; Ubuntu; Linux x86_64; rv:50.0) Gecko/20100101 Firefox/50.0"
137.226.113.34 - - [24/Dec/2019:23:22:54 +0100] "GET /js/kl-custom.js HTTP/2" 200 138 "-" "Mozilla/5.0 (X11; Ubuntu; Linux x86_64; rv:50.0) Gecko/20100101 Firefox/50.0"
137.226.113.34 - - [24/Dec/2019:23:22:54 +0100] "GET /css/bootstrap.css HTTP/2" 200 22859 "-" "Mozilla/5.0 (X11; Ubuntu; Linux x86_64; rv:50.0) Gecko/20100101 Firefox/50.0"
137.226.113.34 - - [24/Dec/2019:23:22:54 +0100] "GET /css/responsive.css HTTP/2" 200 14528 "-" "Mozilla/5.0 (X11; Ubuntu; Linux x86_64; rv:50.0) Gecko/20100101 Firefox/50.0"
137.226.113.34 - - [24/Dec/2019:23:22:54 +0100] "GET /js/jquery.js HTTP/2" 200 30358 "-" "Mozilla/5.0 (X11; Ubuntu; Linux x86_64; rv:50.0) Gecko/20100101 Firefox/50.0"
137.226.113.34 - - [24/Dec/2019:23:22:54 +0100] "GET /js/bootstrap.min.js HTTP/2" 200 20811 "-" "Mozilla/5.0 (X11; Ubuntu; Linux x86_64; rv:50.0) Gecko/20100101 Firefox/50.0"
137.226.113.34 - - [24/Dec/2019:23:22:54 +0100] "GET /js/kl-scripts.js HTTP/2" 200 12869 "-" "Mozilla/5.0 (X11; Ubuntu; Linux x86_64; rv:50.0) Gecko/20100101 Firefox/50.0"
137.226.113.34 - - [24/Dec/2019:23:22:54 +0100] "GET /js/kl-plugins.js HTTP/2" 200 28509 "-" "Mozilla/5.0 (X11; Ubuntu; Linux x86_64; rv:50.0) Gecko/20100101 Firefox/50.0"
137.226.113.34 - - [24/Dec/2019:23:22:54 +0100] "GET /css/template.css HTTP/2" 200 85158 "-" "Mozilla/5.0 (X11; Ubuntu; Linux x86_64; rv:50.0) Gecko/20100101 Firefox/50.0"
54.244.159.185 - - [25/Dec/2019:04:36:38 +0100] "GET / HTTP/1.1" 200 13547 "-" "Go-http-client/1.1"
137.226.113.27 - - [25/Dec/2019:22:01:25 +0100] "GET / HTTP/1.1" 200 13547 "-" "Mozilla/5.0 zgrab/0.x (compatible; Researchscan/t13rl; +http://researchscan.comsys.rwth-aachen.de)"
52.41.211.72 - - [26/Dec/2019:05:42:22 +0100] "HEAD / HTTP/1.1" 200 438 "-" "Go-http-client/1.1"
209.17.97.98 - - [26/Dec/2019:23:56:19 +0100] "GET / HTTP/1.1" 200 66836 "-" "Mozilla/5.0 (compatible; Nimbostratus-Bot/v1.3.2; http://cloudsystemnetworks.com)"
54.212.160.237 - - [27/Dec/2019:03:22:50 +0100] "GET / HTTP/1.1" 200 13547 "-" "Go-http-client/1.1"
52.41.211.72 - - [28/Dec/2019:07:29:40 +0100] "HEAD / HTTP/1.1" 200 438 "-" "Go-http-client/1.1"
35.162.70.167 - - [29/Dec/2019:06:59:08 +0100] "HEAD / HTTP/1.1" 200 438 "-" "Go-http-client/1.1"
195.235.92.34 - - [29/Dec/2019:15:01:08 +0100] "GET / HTTP/1.1" 200 13547 "-" "Mozilla/5.0 (X11; Fedora; Linux x86_64) AppleWebKit/537.36 (KHTML, like Gecko) Chrome/75.0.3770.100 Safari/537.36"
52.34.24.33 - - [30/Dec/2019:06:30:37 +0100] "HEAD / HTTP/1.1" 200 438 "-" "Go-http-client/1.1"
209.17.96.98 - - [31/Dec/2019:02:06:44 +0100] "GET / HTTP/1.1" 200 66836 "-" "Mozilla/5.0 (compatible; Nimbostratus-Bot/v1.3.2; http://cloudsystemnetworks.com)"
137.226.113.27 - - [31/Dec/2019:03:12:15 +0100] "GET / HTTP/1.1" 200 13547 "-" "Mozilla/5.0 zgrab/0.x (compatible; Researchscan/t12sns; +http://researchscan.comsys.rwth-aachen.de)"
52.41.211.72 - - [31/Dec/2019:06:59:18 +0100] "HEAD / HTTP/1.1" 200 438 "-" "Go-http-client/1.1"
137.226.113.26 - - [31/Dec/2019:16:55:44 +0100] "GET / HTTP/1.1" 200 13547 "-" "Mozilla/5.0 zgrab/0.x (compatible; Researchscan/t12ca; +http://researchscan.comsys.rwth-aachen.de)"
35.162.70.167 - - [01/Jan/2020:05:50:57 +0100] "HEAD / HTTP/1.1" 200 438 "-" "Go-http-client/1.1"
35.162.70.167 - - [02/Jan/2020:07:34:32 +0100] "HEAD / HTTP/1.1" 200 438 "-" "Go-http-client/1.1"
52.41.211.72 - - [03/Jan/2020:07:03:26 +0100] "HEAD / HTTP/1.1" 200 438 "-" "Go-http-client/1.1"
209.17.96.162 - - [04/Jan/2020:00:25:04 +0100] "GET / HTTP/1.1" 200 66836 "-" "Mozilla/5.0 (compatible; Nimbostratus-Bot/v1.3.2; http://cloudsystemnetworks.com)"
52.34.24.33 - - [04/Jan/2020:07:30:39 +0100] "HEAD / HTTP/1.1" 200 438 "-" "Go-http-client/1.1"
52.41.211.72 - - [05/Jan/2020:07:23:23 +0100] "HEAD / HTTP/1.1" 200 438 "-" "Go-http-client/1.1"
137.226.113.21 - - [05/Jan/2020:17:01:55 +0100] "GET / HTTP/2" 200 13062 "-" "Mozilla/5.0 (X11; Ubuntu; Linux x86_64; rv:50.0) Gecko/20100101 Firefox/50.0"
137.226.113.21 - - [05/Jan/2020:17:01:55 +0100] "GET /fonts/font-awesome/css/font-awesome.min.css HTTP/2" 200 7952 "-" "Mozilla/5.0 (X11; Ubuntu; Linux x86_64; rv:50.0) Gecko/20100101 Firefox/50.0"
137.226.113.21 - - [05/Jan/2020:17:01:55 +0100] "GET /css/sliders/portfolio-slider/portfolio-slider.css HTTP/2" 200 1710 "-" "Mozilla/5.0 (X11; Ubuntu; Linux x86_64; rv:50.0) Gecko/20100101 Firefox/50.0"
137.226.113.21 - - [05/Jan/2020:17:01:55 +0100] "GET /css/base-sizing.css HTTP/2" 200 9021 "-" "Mozilla/5.0 (X11; Ubuntu; Linux x86_64; rv:50.0) Gecko/20100101 Firefox/50.0"
137.226.113.21 - - [05/Jan/2020:17:01:55 +0100] "GET /css/custom.css HTTP/2" 200 459 "-" "Mozilla/5.0 (X11; Ubuntu; Linux x86_64; rv:50.0) Gecko/20100101 Firefox/50.0"
137.226.113.21 - - [05/Jan/2020:17:01:55 +0100] "GET /js/modernizr.min.js HTTP/2" 200 5774 "-" "Mozilla/5.0 (X11; Ubuntu; Linux x86_64; rv:50.0) Gecko/20100101 Firefox/50.0"
137.226.113.21 - - [05/Jan/2020:17:01:55 +0100] "GET /js/plugins/_sliders/slick/slick.js HTTP/2" 200 14956 "-" "Mozilla/5.0 (X11; Ubuntu; Linux x86_64; rv:50.0) Gecko/20100101 Firefox/50.0"
137.226.113.21 - - [05/Jan/2020:17:01:55 +0100] "GET /js/trigger/kl-slick-slider.js HTTP/2" 200 1385 "-" "Mozilla/5.0 (X11; Ubuntu; Linux x86_64; rv:50.0) Gecko/20100101 Firefox/50.0"
137.226.113.21 - - [05/Jan/2020:17:01:55 +0100] "GET /js/plugins/jquery.gmap.min.js HTTP/2" 200 1483 "-" "Mozilla/5.0 (X11; Ubuntu; Linux x86_64; rv:50.0) Gecko/20100101 Firefox/50.0"
137.226.113.21 - - [05/Jan/2020:17:01:55 +0100] "GET /js/trigger/kl-google-maps-style2.js HTTP/2" 200 1266 "-" "Mozilla/5.0 (X11; Ubuntu; Linux x86_64; rv:50.0) Gecko/20100101 Firefox/50.0"
137.226.113.21 - - [05/Jan/2020:17:01:55 +0100] "GET /js/kl-custom.js HTTP/2" 200 138 "-" "Mozilla/5.0 (X11; Ubuntu; Linux x86_64; rv:50.0) Gecko/20100101 Firefox/50.0"
137.226.113.21 - - [05/Jan/2020:17:01:55 +0100] "GET /css/bootstrap.css HTTP/2" 200 22859 "-" "Mozilla/5.0 (X11; Ubuntu; Linux x86_64; rv:50.0) Gecko/20100101 Firefox/50.0"
137.226.113.21 - - [05/Jan/2020:17:01:55 +0100] "GET /css/responsive.css HTTP/2" 200 14528 "-" "Mozilla/5.0 (X11; Ubuntu; Linux x86_64; rv:50.0) Gecko/20100101 Firefox/50.0"
137.226.113.21 - - [05/Jan/2020:17:01:55 +0100] "GET /js/jquery.js HTTP/2" 200 30358 "-" "Mozilla/5.0 (X11; Ubuntu; Linux x86_64; rv:50.0) Gecko/20100101 Firefox/50.0"
137.226.113.21 - - [05/Jan/2020:17:01:55 +0100] "GET /js/bootstrap.min.js HTTP/2" 200 20811 "-" "Mozilla/5.0 (X11; Ubuntu; Linux x86_64; rv:50.0) Gecko/20100101 Firefox/50.0"
137.226.113.21 - - [05/Jan/2020:17:01:55 +0100] "GET /js/kl-scripts.js HTTP/2" 200 12869 "-" "Mozilla/5.0 (X11; Ubuntu; Linux x86_64; rv:50.0) Gecko/20100101 Firefox/50.0"
137.226.113.21 - - [05/Jan/2020:17:01:55 +0100] "GET /js/kl-plugins.js HTTP/2" 200 28509 "-" "Mozilla/5.0 (X11; Ubuntu; Linux x86_64; rv:50.0) Gecko/20100101 Firefox/50.0"
137.226.113.21 - - [05/Jan/2020:17:01:55 +0100] "GET /css/template.css HTTP/2" 200 85158 "-" "Mozilla/5.0 (X11; Ubuntu; Linux x86_64; rv:50.0) Gecko/20100101 Firefox/50.0"
137.226.113.21 - - [05/Jan/2020:17:01:55 +0100] "GET /images/ig-logo.svg HTTP/2" 200 1090 "-" "Mozilla/5.0 (X11; Ubuntu; Linux x86_64; rv:50.0) Gecko/20100101 Firefox/50.0"
137.226.113.21 - - [05/Jan/2020:17:01:55 +0100] "GET /images/hb-hiring.svg HTTP/2" 200 1882 "-" "Mozilla/5.0 (X11; Ubuntu; Linux x86_64; rv:50.0) Gecko/20100101 Firefox/50.0"
137.226.113.21 - - [05/Jan/2020:17:01:55 +0100] "GET /images/quote1.svg HTTP/2" 200 745 "-" "Mozilla/5.0 (X11; Ubuntu; Linux x86_64; rv:50.0) Gecko/20100101 Firefox/50.0"
137.226.113.21 - - [05/Jan/2020:17:01:55 +0100] "GET /images/aina-foo.svg HTTP/2" 200 651 "-" "Mozilla/5.0 (X11; Ubuntu; Linux x86_64; rv:50.0) Gecko/20100101 Firefox/50.0"
137.226.113.21 - - [05/Jan/2020:17:01:55 +0100] "GET /images/irongate-foo.svg HTTP/2" 200 513 "-" "Mozilla/5.0 (X11; Ubuntu; Linux x86_64; rv:50.0) Gecko/20100101 Firefox/50.0"
137.226.113.21 - - [05/Jan/2020:17:01:55 +0100] "GET /images/laplana-foo.svg HTTP/2" 200 5210 "-" "Mozilla/5.0 (X11; Ubuntu; Linux x86_64; rv:50.0) Gecko/20100101 Firefox/50.0"
137.226.113.21 - - [05/Jan/2020:17:01:55 +0100] "GET /images/ig-hispania-foo.svg HTTP/2" 200 643 "-" "Mozilla/5.0 (X11; Ubuntu; Linux x86_64; rv:50.0) Gecko/20100101 Firefox/50.0"
137.226.113.21 - - [05/Jan/2020:17:01:55 +0100] "GET /images/ahora-logo.png HTTP/2" 200 15057 "-" "Mozilla/5.0 (X11; Ubuntu; Linux x86_64; rv:50.0) Gecko/20100101 Firefox/50.0"
137.226.113.21 - - [05/Jan/2020:17:01:55 +0100] "GET /images/sage-logo.png HTTP/2" 200 15028 "-" "Mozilla/5.0 (X11; Ubuntu; Linux x86_64; rv:50.0) Gecko/20100101 Firefox/50.0"
137.226.113.21 - - [05/Jan/2020:17:01:55 +0100] "GET /images/clients/refrigeracions-miquel-garcia.png HTTP/2" 200 11123 "-" "Mozilla/5.0 (X11; Ubuntu; Linux x86_64; rv:50.0) Gecko/20100101 Firefox/50.0"
137.226.113.21 - - [05/Jan/2020:17:01:55 +0100] "GET /images/clients/circusa.png HTTP/2" 200 22426 "-" "Mozilla/5.0 (X11; Ubuntu; Linux x86_64; rv:50.0) Gecko/20100101 Firefox/50.0"
137.226.113.21 - - [05/Jan/2020:17:01:55 +0100] "GET /images/clients/just-packaging.png HTTP/2" 200 12624 "-" "Mozilla/5.0 (X11; Ubuntu; Linux x86_64; rv:50.0) Gecko/20100101 Firefox/50.0"
137.226.113.21 - - [05/Jan/2020:17:01:55 +0100] "GET /images/clients/cereales-vicente-lopez.png HTTP/2" 200 20178 "-" "Mozilla/5.0 (X11; Ubuntu; Linux x86_64; rv:50.0) Gecko/20100101 Firefox/50.0"
137.226.113.21 - - [05/Jan/2020:17:01:55 +0100] "GET /images/blog/entrevista-affinity.jpg HTTP/2" 200 30383 "-" "Mozilla/5.0 (X11; Ubuntu; Linux x86_64; rv:50.0) Gecko/20100101 Firefox/50.0"
137.226.113.21 - - [05/Jan/2020:17:01:55 +0100] "GET /images/blog/entrevista-igelephant.jpg HTTP/2" 200 27211 "-" "Mozilla/5.0 (X11; Ubuntu; Linux x86_64; rv:50.0) Gecko/20100101 Firefox/50.0"
137.226.113.21 - - [05/Jan/2020:17:01:55 +0100] "GET /images/sage-silver-reseller.png HTTP/2" 200 36465 "-" "Mozilla/5.0 (X11; Ubuntu; Linux x86_64; rv:50.0) Gecko/20100101 Firefox/50.0"
137.226.113.21 - - [05/Jan/2020:17:01:55 +0100] "GET /images/flexygo-logo.png HTTP/2" 200 13303 "-" "Mozilla/5.0 (X11; Ubuntu; Linux x86_64; rv:50.0) Gecko/20100101 Firefox/50.0"
137.226.113.21 - - [05/Jan/2020:17:01:55 +0100] "GET /images/clients/repara-tus-llantas.png HTTP/2" 200 50907 "-" "Mozilla/5.0 (X11; Ubuntu; Linux x86_64; rv:50.0) Gecko/20100101 Firefox/50.0"
137.226.113.21 - - [05/Jan/2020:17:01:55 +0100] "GET /images/clients/semillas-el-solc.png HTTP/2" 200 35328 "-" "Mozilla/5.0 (X11; Ubuntu; Linux x86_64; rv:50.0) Gecko/20100101 Firefox/50.0"
137.226.113.21 - - [05/Jan/2020:17:01:55 +0100] "GET /images/clients/arenes-bellpuig.png HTTP/2" 200 17575 "-" "Mozilla/5.0 (X11; Ubuntu; Linux x86_64; rv:50.0) Gecko/20100101 Firefox/50.0"
137.226.113.21 - - [05/Jan/2020:17:01:55 +0100] "GET /images/equipo/felix-portabella.jpg HTTP/2" 200 41057 "-" "Mozilla/5.0 (X11; Ubuntu; Linux x86_64; rv:50.0) Gecko/20100101 Firefox/50.0"
137.226.113.21 - - [05/Jan/2020:17:01:55 +0100] "GET /images/clients/dolset.png HTTP/2" 200 36714 "-" "Mozilla/5.0 (X11; Ubuntu; Linux x86_64; rv:50.0) Gecko/20100101 Firefox/50.0"
137.226.113.21 - - [05/Jan/2020:17:01:55 +0100] "GET /images/affinity-solutions-foo.svg HTTP/2" 200 168568 "-" "Mozilla/5.0 (X11; Ubuntu; Linux x86_64; rv:50.0) Gecko/20100101 Firefox/50.0"
137.226.113.21 - - [05/Jan/2020:17:01:55 +0100] "GET /images/ptf9.png HTTP/2" 200 170620 "-" "Mozilla/5.0 (X11; Ubuntu; Linux x86_64; rv:50.0) Gecko/20100101 Firefox/50.0"
138.246.253.5 - - [06/Jan/2020:00:07:25 +0100] "HEAD / HTTP/1.1" 200 438 "-" "Mozilla/5.0 (Windows NT 6.1; Win64; x64) AppleWebKit/537.36 (KHTML, like Gecko) Chrome/40.0.2214.85 Safari/537.36"
35.162.70.167 - - [06/Jan/2020:05:49:09 +0100] "HEAD / HTTP/1.1" 200 438 "-" "Go-http-client/1.1"
35.162.70.167 - - [07/Jan/2020:06:18:18 +0100] "HEAD / HTTP/1.1" 200 438 "-" "Go-http-client/1.1"
35.162.70.167 - - [08/Jan/2020:07:57:17 +0100] "HEAD / HTTP/1.1" 200 438 "-" "Go-http-client/1.1"
209.17.97.10 - - [08/Jan/2020:11:55:39 +0100] "GET / HTTP/1.1" 200 66836 "-" "Mozilla/5.0 (compatible; Nimbostratus-Bot/v1.3.2; http://cloudsystemnetworks.com)"
52.34.24.33 - - [09/Jan/2020:08:15:55 +0100] "HEAD / HTTP/1.1" 200 438 "-" "Go-http-client/1.1"
209.17.97.2 - - [10/Jan/2020:01:17:40 +0100] "GET / HTTP/1.1" 200 66836 "-" "Mozilla/5.0 (compatible; Nimbostratus-Bot/v1.3.2; http://cloudsystemnetworks.com)"
52.41.211.72 - - [10/Jan/2020:12:16:28 +0100] "HEAD / HTTP/1.1" 200 438 "-" "Go-http-client/1.1"
52.34.24.33 - - [12/Jan/2020:06:17:26 +0100] "HEAD / HTTP/1.1" 200 438 "-" "Go-http-client/1.1"
52.41.211.72 - - [13/Jan/2020:07:08:11 +0100] "HEAD / HTTP/1.1" 200 438 "-" "Go-http-client/1.1"
209.17.96.146 - - [14/Jan/2020:00:41:17 +0100] "GET / HTTP/1.1" 200 66836 "-" "Mozilla/5.0 (compatible; Nimbostratus-Bot/v1.3.2; http://cloudsystemnetworks.com)"
34.210.87.149 - - [14/Jan/2020:04:13:53 +0100] "GET / HTTP/1.1" 200 13547 "-" "Go-http-client/1.1"
66.249.70.41 - - [15/Jan/2020:04:00:24 +0100] "GET /robots.txt HTTP/1.1" 200 511 "-" "Mozilla/5.0 (compatible; Googlebot/2.1; +http://www.google.com/bot.html)"
74.125.151.41 - - [15/Jan/2020:04:00:25 +0100] "GET /apple-app-site-association HTTP/1.1" 404 775 "-" "AdsBot-Google (+http://www.google.com/adsbot.html)"
74.125.151.41 - - [15/Jan/2020:12:31:14 +0100] "GET /apple-app-site-association HTTP/1.1" 404 775 "-" "AdsBot-Google (+http://www.google.com/adsbot.html)"
52.41.211.72 - - [15/Jan/2020:22:41:20 +0100] "HEAD / HTTP/1.1" 200 438 "-" "Go-http-client/1.1"
74.125.151.41 - - [16/Jan/2020:04:39:44 +0100] "GET /apple-app-site-association HTTP/1.1" 404 775 "-" "AdsBot-Google (+http://www.google.com/adsbot.html)"
52.41.211.72 - - [17/Jan/2020:06:45:10 +0100] "HEAD / HTTP/1.1" 200 438 "-" "Go-http-client/1.1"
138.246.253.5 - - [17/Jan/2020:14:27:09 +0100] "HEAD / HTTP/1.1" 200 438 "-" "Mozilla/5.0 (Windows NT 6.1; Win64; x64) AppleWebKit/537.36 (KHTML, like Gecko) Chrome/40.0.2214.85 Safari/537.36"
52.41.211.72 - - [17/Jan/2020:19:28:00 +0100] "HEAD / HTTP/1.1" 200 438 "-" "Go-http-client/1.1"
66.249.70.39 - - [17/Jan/2020:22:38:01 +0100] "GET /robots.txt HTTP/1.1" 200 511 "-" "Mozilla/5.0 (compatible; Googlebot/2.1; +http://www.google.com/bot.html)"
74.125.151.39 - - [17/Jan/2020:22:38:01 +0100] "GET /apple-app-site-association HTTP/1.1" 404 775 "-" "AdsBot-Google (+http://www.google.com/adsbot.html)"
209.17.97.34 - - [18/Jan/2020:03:49:18 +0100] "GET / HTTP/1.1" 200 66836 "-" "Mozilla/5.0 (compatible; Nimbostratus-Bot/v1.3.2; http://cloudsystemnetworks.com)"
72.14.199.230 - - [18/Jan/2020:18:39:01 +0100] "GET /apple-app-site-association HTTP/1.1" 404 775 "-" "AdsBot-Google (+http://www.google.com/adsbot.html)"
52.41.211.72 - - [19/Jan/2020:07:43:24 +0100] "HEAD / HTTP/1.1" 200 438 "-" "Go-http-client/1.1"
52.41.211.72 - - [20/Jan/2020:09:12:05 +0100] "HEAD / HTTP/1.1" 200 438 "-" "Go-http-client/1.1"
35.162.70.167 - - [21/Jan/2020:06:56:47 +0100] "HEAD / HTTP/1.1" 200 438 "-" "Go-http-client/1.1"
52.125.140.0 - jmora@igelephant.com [21/Jan/2020:16:34:17 +0100] "POST /autodiscover/autodiscover.xml HTTP/1.1" 404 785 "-" "-"
52.41.211.72 - - [22/Jan/2020:09:02:15 +0100] "HEAD / HTTP/1.1" 200 438 "-" "Go-http-client/1.1"
209.17.96.114 - - [22/Jan/2020:22:06:53 +0100] "GET / HTTP/1.1" 200 66836 "-" "Mozilla/5.0 (compatible; Nimbostratus-Bot/v1.3.2; http://cloudsystemnetworks.com)"
52.34.24.33 - - [23/Jan/2020:07:16:41 +0100] "HEAD / HTTP/1.1" 200 438 "-" "Go-http-client/1.1"
209.17.96.98 - - [24/Jan/2020:03:46:40 +0100] "GET / HTTP/1.1" 200 66836 "-" "Mozilla/5.0 (compatible; Nimbostratus-Bot/v1.3.2; http://cloudsystemnetworks.com)"
35.162.70.167 - - [24/Jan/2020:10:28:11 +0100] "HEAD / HTTP/1.1" 200 438 "-" "Go-http-client/1.1"
52.34.24.33 - - [25/Jan/2020:08:43:45 +0100] "HEAD / HTTP/1.1" 200 438 "-" "Go-http-client/1.1"
35.162.70.167 - - [26/Jan/2020:07:10:39 +0100] "HEAD / HTTP/1.1" 200 438 "-" "Go-http-client/1.1"
35.162.70.167 - - [27/Jan/2020:12:51:09 +0100] "HEAD / HTTP/1.1" 200 438 "-" "Go-http-client/1.1"
137.226.113.27 - - [28/Jan/2020:02:06:59 +0100] "GET / HTTP/1.1" 200 13547 "-" "Mozilla/5.0 zgrab/0.x (compatible; Researchscan/t12ca; +http://researchscan.comsys.rwth-aachen.de)"
35.162.70.167 - - [28/Jan/2020:06:12:31 +0100] "HEAD / HTTP/1.1" 200 438 "-" "Go-http-client/1.1"
209.17.96.218 - - [28/Jan/2020:07:06:34 +0100] "GET / HTTP/1.1" 200 66836 "-" "Mozilla/5.0 (compatible; Nimbostratus-Bot/v1.3.2; http://cloudsystemnetworks.com)"
137.226.113.28 - - [28/Jan/2020:09:31:10 +0100] "GET / HTTP/1.1" 200 13547 "-" "Mozilla/5.0 zgrab/0.x (compatible; Researchscan/t12sns; +http://researchscan.comsys.rwth-aachen.de)"
137.226.113.34 - - [29/Jan/2020:01:43:48 +0100] "GET / HTTP/2" 200 13062 "-" "Mozilla/5.0 (X11; Ubuntu; Linux x86_64; rv:50.0) Gecko/20100101 Firefox/50.0"
137.226.113.34 - - [29/Jan/2020:01:43:48 +0100] "GET /images/ig-logo.svg HTTP/2" 200 1090 "-" "Mozilla/5.0 (X11; Ubuntu; Linux x86_64; rv:50.0) Gecko/20100101 Firefox/50.0"
137.226.113.34 - - [29/Jan/2020:01:43:48 +0100] "GET /images/hb-hiring.svg HTTP/2" 200 1882 "-" "Mozilla/5.0 (X11; Ubuntu; Linux x86_64; rv:50.0) Gecko/20100101 Firefox/50.0"
137.226.113.34 - - [29/Jan/2020:01:43:48 +0100] "GET /images/quote1.svg HTTP/2" 200 745 "-" "Mozilla/5.0 (X11; Ubuntu; Linux x86_64; rv:50.0) Gecko/20100101 Firefox/50.0"
137.226.113.34 - - [29/Jan/2020:01:43:48 +0100] "GET /images/aina-foo.svg HTTP/2" 200 651 "-" "Mozilla/5.0 (X11; Ubuntu; Linux x86_64; rv:50.0) Gecko/20100101 Firefox/50.0"
137.226.113.34 - - [29/Jan/2020:01:43:48 +0100] "GET /images/irongate-foo.svg HTTP/2" 200 513 "-" "Mozilla/5.0 (X11; Ubuntu; Linux x86_64; rv:50.0) Gecko/20100101 Firefox/50.0"
137.226.113.34 - - [29/Jan/2020:01:43:48 +0100] "GET /images/laplana-foo.svg HTTP/2" 200 5210 "-" "Mozilla/5.0 (X11; Ubuntu; Linux x86_64; rv:50.0) Gecko/20100101 Firefox/50.0"
137.226.113.34 - - [29/Jan/2020:01:43:48 +0100] "GET /images/ig-hispania-foo.svg HTTP/2" 200 643 "-" "Mozilla/5.0 (X11; Ubuntu; Linux x86_64; rv:50.0) Gecko/20100101 Firefox/50.0"
137.226.113.34 - - [29/Jan/2020:01:43:48 +0100] "GET /images/ahora-logo.png HTTP/2" 200 15057 "-" "Mozilla/5.0 (X11; Ubuntu; Linux x86_64; rv:50.0) Gecko/20100101 Firefox/50.0"
137.226.113.34 - - [29/Jan/2020:01:43:48 +0100] "GET /images/sage-logo.png HTTP/2" 200 15028 "-" "Mozilla/5.0 (X11; Ubuntu; Linux x86_64; rv:50.0) Gecko/20100101 Firefox/50.0"
137.226.113.34 - - [29/Jan/2020:01:43:48 +0100] "GET /images/clients/refrigeracions-miquel-garcia.png HTTP/2" 200 11123 "-" "Mozilla/5.0 (X11; Ubuntu; Linux x86_64; rv:50.0) Gecko/20100101 Firefox/50.0"
137.226.113.34 - - [29/Jan/2020:01:43:48 +0100] "GET /images/clients/just-packaging.png HTTP/2" 200 12624 "-" "Mozilla/5.0 (X11; Ubuntu; Linux x86_64; rv:50.0) Gecko/20100101 Firefox/50.0"
137.226.113.34 - - [29/Jan/2020:01:43:48 +0100] "GET /images/clients/circusa.png HTTP/2" 200 22426 "-" "Mozilla/5.0 (X11; Ubuntu; Linux x86_64; rv:50.0) Gecko/20100101 Firefox/50.0"
137.226.113.34 - - [29/Jan/2020:01:43:48 +0100] "GET /images/clients/arenes-bellpuig.png HTTP/2" 200 17575 "-" "Mozilla/5.0 (X11; Ubuntu; Linux x86_64; rv:50.0) Gecko/20100101 Firefox/50.0"
137.226.113.34 - - [29/Jan/2020:01:43:48 +0100] "GET /images/blog/entrevista-igelephant.jpg HTTP/2" 200 27211 "-" "Mozilla/5.0 (X11; Ubuntu; Linux x86_64; rv:50.0) Gecko/20100101 Firefox/50.0"
137.226.113.34 - - [29/Jan/2020:01:43:48 +0100] "GET /images/blog/entrevista-affinity.jpg HTTP/2" 200 30383 "-" "Mozilla/5.0 (X11; Ubuntu; Linux x86_64; rv:50.0) Gecko/20100101 Firefox/50.0"
137.226.113.34 - - [29/Jan/2020:01:43:48 +0100] "GET /images/equipo/felix-portabella.jpg HTTP/2" 200 41057 "-" "Mozilla/5.0 (X11; Ubuntu; Linux x86_64; rv:50.0) Gecko/20100101 Firefox/50.0"
137.226.113.34 - - [29/Jan/2020:01:43:48 +0100] "GET /images/flexygo-logo.png HTTP/2" 200 13303 "-" "Mozilla/5.0 (X11; Ubuntu; Linux x86_64; rv:50.0) Gecko/20100101 Firefox/50.0"
137.226.113.34 - - [29/Jan/2020:01:43:48 +0100] "GET /images/clients/repara-tus-llantas.png HTTP/2" 200 50907 "-" "Mozilla/5.0 (X11; Ubuntu; Linux x86_64; rv:50.0) Gecko/20100101 Firefox/50.0"
137.226.113.34 - - [29/Jan/2020:01:43:48 +0100] "GET /images/clients/semillas-el-solc.png HTTP/2" 200 35328 "-" "Mozilla/5.0 (X11; Ubuntu; Linux x86_64; rv:50.0) Gecko/20100101 Firefox/50.0"
137.226.113.34 - - [29/Jan/2020:01:43:48 +0100] "GET /images/clients/cereales-vicente-lopez.png HTTP/2" 200 20178 "-" "Mozilla/5.0 (X11; Ubuntu; Linux x86_64; rv:50.0) Gecko/20100101 Firefox/50.0"
137.226.113.34 - - [29/Jan/2020:01:43:48 +0100] "GET /images/sage-silver-reseller.png HTTP/2" 200 36465 "-" "Mozilla/5.0 (X11; Ubuntu; Linux x86_64; rv:50.0) Gecko/20100101 Firefox/50.0"
137.226.113.34 - - [29/Jan/2020:01:43:48 +0100] "GET /images/clients/dolset.png HTTP/2" 200 36714 "-" "Mozilla/5.0 (X11; Ubuntu; Linux x86_64; rv:50.0) Gecko/20100101 Firefox/50.0"
137.226.113.34 - - [29/Jan/2020:01:43:48 +0100] "GET /images/affinity-solutions-foo.svg HTTP/2" 200 168568 "-" "Mozilla/5.0 (X11; Ubuntu; Linux x86_64; rv:50.0) Gecko/20100101 Firefox/50.0"
137.226.113.34 - - [29/Jan/2020:01:43:49 +0100] "GET /css/sliders/portfolio-slider/portfolio-slider.css HTTP/2" 200 1710 "-" "Mozilla/5.0 (X11; Ubuntu; Linux x86_64; rv:50.0) Gecko/20100101 Firefox/50.0"
137.226.113.34 - - [29/Jan/2020:01:43:49 +0100] "GET /css/responsive.css HTTP/2" 200 14528 "-" "Mozilla/5.0 (X11; Ubuntu; Linux x86_64; rv:50.0) Gecko/20100101 Firefox/50.0"
137.226.113.34 - - [29/Jan/2020:01:43:48 +0100] "GET /images/ptf9.png HTTP/2" 200 170620 "-" "Mozilla/5.0 (X11; Ubuntu; Linux x86_64; rv:50.0) Gecko/20100101 Firefox/50.0"
137.226.113.34 - - [29/Jan/2020:01:43:49 +0100] "GET /css/custom.css HTTP/2" 200 459 "-" "Mozilla/5.0 (X11; Ubuntu; Linux x86_64; rv:50.0) Gecko/20100101 Firefox/50.0"
137.226.113.34 - - [29/Jan/2020:01:43:49 +0100] "GET /js/modernizr.min.js HTTP/2" 200 5774 "-" "Mozilla/5.0 (X11; Ubuntu; Linux x86_64; rv:50.0) Gecko/20100101 Firefox/50.0"
137.226.113.34 - - [29/Jan/2020:01:43:49 +0100] "GET /js/plugins/_sliders/slick/slick.js HTTP/2" 200 14956 "-" "Mozilla/5.0 (X11; Ubuntu; Linux x86_64; rv:50.0) Gecko/20100101 Firefox/50.0"
137.226.113.34 - - [29/Jan/2020:01:43:49 +0100] "GET /js/trigger/kl-slick-slider.js HTTP/2" 200 1385 "-" "Mozilla/5.0 (X11; Ubuntu; Linux x86_64; rv:50.0) Gecko/20100101 Firefox/50.0"
137.226.113.34 - - [29/Jan/2020:01:43:49 +0100] "GET /js/plugins/jquery.gmap.min.js HTTP/2" 200 1483 "-" "Mozilla/5.0 (X11; Ubuntu; Linux x86_64; rv:50.0) Gecko/20100101 Firefox/50.0"
137.226.113.34 - - [29/Jan/2020:01:43:49 +0100] "GET /js/kl-scripts.js HTTP/2" 200 12869 "-" "Mozilla/5.0 (X11; Ubuntu; Linux x86_64; rv:50.0) Gecko/20100101 Firefox/50.0"
137.226.113.34 - - [29/Jan/2020:01:43:49 +0100] "GET /js/kl-custom.js HTTP/2" 200 138 "-" "Mozilla/5.0 (X11; Ubuntu; Linux x86_64; rv:50.0) Gecko/20100101 Firefox/50.0"
137.226.113.34 - - [29/Jan/2020:01:43:48 +0100] "GET /css/bootstrap.css HTTP/2" 200 22859 "-" "Mozilla/5.0 (X11; Ubuntu; Linux x86_64; rv:50.0) Gecko/20100101 Firefox/50.0"
137.226.113.34 - - [29/Jan/2020:01:43:49 +0100] "GET /fonts/font-awesome/css/font-awesome.min.css HTTP/2" 200 7952 "-" "Mozilla/5.0 (X11; Ubuntu; Linux x86_64; rv:50.0) Gecko/20100101 Firefox/50.0"
137.226.113.34 - - [29/Jan/2020:01:43:49 +0100] "GET /css/base-sizing.css HTTP/2" 200 9021 "-" "Mozilla/5.0 (X11; Ubuntu; Linux x86_64; rv:50.0) Gecko/20100101 Firefox/50.0"
137.226.113.34 - - [29/Jan/2020:01:43:49 +0100] "GET /js/jquery.js HTTP/2" 200 30358 "-" "Mozilla/5.0 (X11; Ubuntu; Linux x86_64; rv:50.0) Gecko/20100101 Firefox/50.0"
137.226.113.34 - - [29/Jan/2020:01:43:49 +0100] "GET /js/bootstrap.min.js HTTP/2" 200 20811 "-" "Mozilla/5.0 (X11; Ubuntu; Linux x86_64; rv:50.0) Gecko/20100101 Firefox/50.0"
137.226.113.34 - - [29/Jan/2020:01:43:49 +0100] "GET /js/trigger/kl-google-maps-style2.js HTTP/2" 200 1266 "-" "Mozilla/5.0 (X11; Ubuntu; Linux x86_64; rv:50.0) Gecko/20100101 Firefox/50.0"
137.226.113.34 - - [29/Jan/2020:01:43:49 +0100] "GET /js/kl-plugins.js HTTP/2" 200 28509 "-" "Mozilla/5.0 (X11; Ubuntu; Linux x86_64; rv:50.0) Gecko/20100101 Firefox/50.0"
137.226.113.34 - - [29/Jan/2020:01:43:49 +0100] "GET /css/template.css HTTP/2" 200 85158 "-" "Mozilla/5.0 (X11; Ubuntu; Linux x86_64; rv:50.0) Gecko/20100101 Firefox/50.0"
51.158.120.76 - - [29/Jan/2020:03:54:59 +0100] "GET / HTTP/1.1" 200 66836 "-" "Mozilla/5.0 (X11; Ubuntu; Linux x86_64; rv:47.0) Gecko/20100101 Firefox/47.0"
51.158.120.76 - - [29/Jan/2020:03:54:59 +0100] "GET / HTTP/1.1" 200 66836 "-" "Mozilla/5.0 (X11; Ubuntu; Linux x86_64; rv:47.0) Gecko/20100101 Firefox/47.0"
137.226.113.27 - - [29/Jan/2020:04:14:46 +0100] "GET / HTTP/1.1" 200 13547 "-" "Mozilla/5.0 zgrab/0.x (compatible; Researchscan/t13rl; +http://researchscan.comsys.rwth-aachen.de)"
52.41.211.72 - - [29/Jan/2020:10:19:05 +0100] "HEAD / HTTP/1.1" 200 438 "-" "Go-http-client/1.1"
52.41.211.72 - - [30/Jan/2020:07:10:59 +0100] "HEAD / HTTP/1.1" 200 438 "-" "Go-http-client/1.1"
52.41.211.72 - - [31/Jan/2020:10:53:47 +0100] "HEAD / HTTP/1.1" 200 438 "-" "Go-http-client/1.1"
209.17.96.122 - - [31/Jan/2020:16:06:09 +0100] "GET / HTTP/1.1" 200 66836 "-" "Mozilla/5.0 (compatible; Nimbostratus-Bot/v1.3.2; http://cloudsystemnetworks.com)"
185.234.219.182 - - [31/Jan/2020:21:30:45 +0100] "GET /database/print.css HTTP/1.1" 404 864 "-" "Mozilla/5.0 (Windows NT 6.3; Win64; x64; rv:66.0) Gecko/20100101 Firefox/66.0"
185.234.219.182 - - [31/Jan/2020:21:30:45 +0100] "GET /pma/print.css HTTP/1.1" 404 864 "-" "Mozilla/5.0 (Windows NT 6.3; Win64; x64; rv:66.0) Gecko/20100101 Firefox/66.0"
185.234.219.182 - - [31/Jan/2020:21:30:45 +0100] "GET /phpmyadmin/print.css HTTP/1.1" 404 864 "-" "Mozilla/5.0 (Windows NT 6.3; Win64; x64; rv:66.0) Gecko/20100101 Firefox/66.0"
185.234.219.182 - - [31/Jan/2020:21:30:45 +0100] "GET /myadmin/print.css HTTP/1.1" 404 864 "-" "Mozilla/5.0 (Windows NT 6.3; Win64; x64; rv:66.0) Gecko/20100101 Firefox/66.0"
185.234.219.182 - - [31/Jan/2020:21:30:45 +0100] "GET /phpMyAdmin/print.css HTTP/1.1" 404 864 "-" "Mozilla/5.0 (Windows NT 6.3; Win64; x64; rv:66.0) Gecko/20100101 Firefox/66.0"
185.234.219.182 - - [31/Jan/2020:21:30:46 +0100] "GET /mysql/print.css HTTP/1.1" 404 864 "-" "Mozilla/5.0 (Windows NT 6.3; Win64; x64; rv:66.0) Gecko/20100101 Firefox/66.0"
52.36.90.254 - - [01/Feb/2020:05:55:08 +0100] "GET / HTTP/1.1" 200 13547 "-" "Go-http-client/1.1"
52.34.24.33 - - [02/Feb/2020:08:15:14 +0100] "HEAD / HTTP/1.1" 200 438 "-" "Go-http-client/1.1"
52.41.211.72 - - [03/Feb/2020:07:49:53 +0100] "HEAD / HTTP/1.1" 200 438 "-" "Go-http-client/1.1"
52.41.211.72 - - [04/Feb/2020:09:14:26 +0100] "HEAD / HTTP/1.1" 200 438 "-" "Go-http-client/1.1"
54.201.169.87 - - [05/Feb/2020:04:16:51 +0100] "GET / HTTP/1.1" 200 13547 "-" "Go-http-client/1.1"
209.17.96.34 - - [05/Feb/2020:07:29:37 +0100] "GET / HTTP/1.1" 200 66836 "-" "Mozilla/5.0 (compatible; Nimbostratus-Bot/v1.3.2; http://cloudsystemnetworks.com)"
51.158.114.83 - - [06/Feb/2020:01:13:04 +0100] "GET / HTTP/1.1" 200 66836 "-" "Mozilla/5.0 (X11; Ubuntu; Linux x86_64; rv:47.0) Gecko/20100101 Firefox/47.0"
51.158.114.83 - - [06/Feb/2020:01:13:04 +0100] "GET / HTTP/1.1" 200 66836 "-" "Mozilla/5.0 (X11; Ubuntu; Linux x86_64; rv:47.0) Gecko/20100101 Firefox/47.0"
35.162.70.167 - - [06/Feb/2020:06:52:24 +0100] "HEAD / HTTP/1.1" 200 438 "-" "Go-http-client/1.1"
52.34.24.33 - - [07/Feb/2020:06:41:32 +0100] "HEAD / HTTP/1.1" 200 438 "-" "Go-http-client/1.1"
209.17.96.82 - - [07/Feb/2020:21:12:44 +0100] "GET / HTTP/1.1" 200 66836 "-" "Mozilla/5.0 (compatible; Nimbostratus-Bot/v1.3.2; http://cloudsystemnetworks.com)"
34.222.182.12 - - [08/Feb/2020:04:45:19 +0100] "GET / HTTP/1.1" 200 13547 "-" "Go-http-client/1.1"
52.34.24.33 - - [09/Feb/2020:06:50:36 +0100] "HEAD / HTTP/1.1" 200 438 "-" "Go-http-client/1.1"
35.162.70.167 - - [10/Feb/2020:08:39:47 +0100] "HEAD / HTTP/1.1" 200 438 "-" "Go-http-client/1.1"
54.212.106.234 - - [11/Feb/2020:03:42:24 +0100] "GET / HTTP/1.1" 200 13547 "-" "Go-http-client/1.1"
54.36.148.18 - - [11/Feb/2020:11:59:32 +0100] "GET /robots.txt HTTP/1.1" 200 511 "-" "Mozilla/5.0 (compatible; AhrefsBot/6.1; +http://ahrefs.com/robot/)"
209.17.97.90 - - [11/Feb/2020:15:23:09 +0100] "GET / HTTP/1.1" 200 66836 "-" "Mozilla/5.0 (compatible; Nimbostratus-Bot/v1.3.2; http://cloudsystemnetworks.com)"
54.36.148.92 - - [11/Feb/2020:17:55:44 +0100] "GET /robots.txt HTTP/1.1" 200 511 "-" "Mozilla/5.0 (compatible; AhrefsBot/6.1; +http://ahrefs.com/robot/)"
52.34.24.33 - - [12/Feb/2020:08:45:08 +0100] "HEAD / HTTP/1.1" 200 438 "-" "Go-http-client/1.1"
52.41.211.72 - - [13/Feb/2020:07:02:39 +0100] "HEAD / HTTP/1.1" 200 438 "-" "Go-http-client/1.1"
209.17.96.162 - - [14/Feb/2020:08:08:35 +0100] "GET / HTTP/1.1" 200 66836 "-" "Mozilla/5.0 (compatible; Nimbostratus-Bot/v1.3.2; http://cloudsystemnetworks.com)"
52.41.211.72 - - [14/Feb/2020:10:00:17 +0100] "HEAD / HTTP/1.1" 200 438 "-" "Go-http-client/1.1"
35.162.70.167 - - [15/Feb/2020:04:34:37 +0100] "HEAD / HTTP/1.1" 200 438 "-" "Go-http-client/1.1"
52.41.211.72 - - [16/Feb/2020:10:11:29 +0100] "HEAD / HTTP/1.1" 200 438 "-" "Go-http-client/1.1"
52.41.211.72 - - [17/Feb/2020:07:31:01 +0100] "HEAD / HTTP/1.1" 200 438 "-" "Go-http-client/1.1"
35.162.70.167 - - [18/Feb/2020:07:38:20 +0100] "HEAD / HTTP/1.1" 200 438 "-" "Go-http-client/1.1"
209.17.96.106 - - [19/Feb/2020:00:52:43 +0100] "GET / HTTP/1.1" 200 66836 "-" "Mozilla/5.0 (compatible; Nimbostratus-Bot/v1.3.2; http://cloudsystemnetworks.com)"
35.162.70.167 - - [19/Feb/2020:09:31:07 +0100] "HEAD / HTTP/1.1" 200 438 "-" "Go-http-client/1.1"
35.162.70.167 - - [20/Feb/2020:07:15:39 +0100] "HEAD / HTTP/1.1" 200 438 "-" "Go-http-client/1.1"
52.34.24.33 - - [21/Feb/2020:08:29:57 +0100] "HEAD / HTTP/1.1" 200 438 "-" "Go-http-client/1.1"
52.125.140.0 - jmora@igelephant.com [21/Feb/2020:12:31:46 +0100] "POST /autodiscover/autodiscover.xml HTTP/1.1" 404 785 "-" "-"
209.17.96.50 - - [21/Feb/2020:14:21:04 +0100] "GET / HTTP/1.1" 200 66836 "-" "Mozilla/5.0 (compatible; Nimbostratus-Bot/v1.3.2; http://cloudsystemnetworks.com)"
35.162.70.167 - - [22/Feb/2020:08:55:12 +0100] "HEAD / HTTP/1.1" 200 438 "-" "Go-http-client/1.1"
138.246.253.5 - - [23/Feb/2020:04:03:22 +0100] "HEAD / HTTP/1.1" 200 438 "-" "Mozilla/5.0 (Windows NT 6.1; Win64; x64) AppleWebKit/537.36 (KHTML, like Gecko) Chrome/40.0.2214.85 Safari/537.36"
52.41.211.72 - - [23/Feb/2020:18:57:28 +0100] "HEAD / HTTP/1.1" 200 438 "-" "Go-http-client/1.1"
52.41.211.72 - - [24/Feb/2020:08:03:57 +0100] "HEAD / HTTP/1.1" 200 438 "-" "Go-http-client/1.1"
35.162.70.167 - - [25/Feb/2020:05:32:20 +0100] "HEAD / HTTP/1.1" 200 438 "-" "Go-http-client/1.1"
209.17.96.74 - - [26/Feb/2020:04:52:44 +0100] "GET / HTTP/1.1" 200 66836 "-" "Mozilla/5.0 (compatible; Nimbostratus-Bot/v1.3.2; http://cloudsystemnetworks.com)"
209.17.96.130 - - [26/Feb/2020:06:27:35 +0100] "GET / HTTP/1.1" 200 66836 "-" "Mozilla/5.0 (compatible; Nimbostratus-Bot/v1.3.2; http://cloudsystemnetworks.com)"
35.162.70.167 - - [26/Feb/2020:11:43:50 +0100] "HEAD / HTTP/1.1" 200 438 "-" "Go-http-client/1.1"
137.226.113.26 - - [26/Feb/2020:19:29:48 +0100] "GET / HTTP/1.1" 200 13547 "-" "Mozilla/5.0 zgrab/0.x (compatible; Researchscan/t12sns; +http://researchscan.comsys.rwth-aachen.de)"
137.226.113.28 - - [26/Feb/2020:19:43:38 +0100] "GET / HTTP/1.1" 200 13547 "-" "Mozilla/5.0 zgrab/0.x (compatible; Researchscan/t12ca; +http://researchscan.comsys.rwth-aachen.de)"
137.226.113.34 - - [26/Feb/2020:19:57:20 +0100] "GET / HTTP/2" 200 13062 "-" "Mozilla/5.0 (X11; Ubuntu; Linux x86_64; rv:50.0) Gecko/20100101 Firefox/50.0"
137.226.113.34 - - [26/Feb/2020:19:57:20 +0100] "GET /images/ig-logo.svg HTTP/2" 200 1090 "-" "Mozilla/5.0 (X11; Ubuntu; Linux x86_64; rv:50.0) Gecko/20100101 Firefox/50.0"
137.226.113.34 - - [26/Feb/2020:19:57:20 +0100] "GET /images/hb-hiring.svg HTTP/2" 200 1882 "-" "Mozilla/5.0 (X11; Ubuntu; Linux x86_64; rv:50.0) Gecko/20100101 Firefox/50.0"
137.226.113.34 - - [26/Feb/2020:19:57:20 +0100] "GET /images/quote1.svg HTTP/2" 200 745 "-" "Mozilla/5.0 (X11; Ubuntu; Linux x86_64; rv:50.0) Gecko/20100101 Firefox/50.0"
137.226.113.34 - - [26/Feb/2020:19:57:20 +0100] "GET /images/aina-foo.svg HTTP/2" 200 651 "-" "Mozilla/5.0 (X11; Ubuntu; Linux x86_64; rv:50.0) Gecko/20100101 Firefox/50.0"
137.226.113.34 - - [26/Feb/2020:19:57:20 +0100] "GET /images/irongate-foo.svg HTTP/2" 200 513 "-" "Mozilla/5.0 (X11; Ubuntu; Linux x86_64; rv:50.0) Gecko/20100101 Firefox/50.0"
137.226.113.34 - - [26/Feb/2020:19:57:20 +0100] "GET /images/ig-hispania-foo.svg HTTP/2" 200 643 "-" "Mozilla/5.0 (X11; Ubuntu; Linux x86_64; rv:50.0) Gecko/20100101 Firefox/50.0"
137.226.113.34 - - [26/Feb/2020:19:57:20 +0100] "GET /css/sliders/portfolio-slider/portfolio-slider.css HTTP/2" 200 1710 "-" "Mozilla/5.0 (X11; Ubuntu; Linux x86_64; rv:50.0) Gecko/20100101 Firefox/50.0"
137.226.113.34 - - [26/Feb/2020:19:57:20 +0100] "GET /css/custom.css HTTP/2" 200 459 "-" "Mozilla/5.0 (X11; Ubuntu; Linux x86_64; rv:50.0) Gecko/20100101 Firefox/50.0"
137.226.113.34 - - [26/Feb/2020:19:57:20 +0100] "GET /js/trigger/kl-slick-slider.js HTTP/2" 200 1385 "-" "Mozilla/5.0 (X11; Ubuntu; Linux x86_64; rv:50.0) Gecko/20100101 Firefox/50.0"
137.226.113.34 - - [26/Feb/2020:19:57:20 +0100] "GET /js/plugins/jquery.gmap.min.js HTTP/2" 200 1483 "-" "Mozilla/5.0 (X11; Ubuntu; Linux x86_64; rv:50.0) Gecko/20100101 Firefox/50.0"
137.226.113.34 - - [26/Feb/2020:19:57:20 +0100] "GET /js/trigger/kl-google-maps-style2.js HTTP/2" 200 1266 "-" "Mozilla/5.0 (X11; Ubuntu; Linux x86_64; rv:50.0) Gecko/20100101 Firefox/50.0"
137.226.113.34 - - [26/Feb/2020:19:57:20 +0100] "GET /js/kl-custom.js HTTP/2" 200 138 "-" "Mozilla/5.0 (X11; Ubuntu; Linux x86_64; rv:50.0) Gecko/20100101 Firefox/50.0"
137.226.113.34 - - [26/Feb/2020:19:57:20 +0100] "GET /images/sage-silver-reseller.png HTTP/2" 200 36465 "-" "Mozilla/5.0 (X11; Ubuntu; Linux x86_64; rv:50.0) Gecko/20100101 Firefox/50.0"
137.226.113.34 - - [26/Feb/2020:19:57:20 +0100] "GET /images/ahora-logo.png HTTP/2" 200 15057 "-" "Mozilla/5.0 (X11; Ubuntu; Linux x86_64; rv:50.0) Gecko/20100101 Firefox/50.0"
137.226.113.34 - - [26/Feb/2020:19:57:20 +0100] "GET /images/flexygo-logo.png HTTP/2" 200 13303 "-" "Mozilla/5.0 (X11; Ubuntu; Linux x86_64; rv:50.0) Gecko/20100101 Firefox/50.0"
137.226.113.34 - - [26/Feb/2020:19:57:20 +0100] "GET /images/clients/refrigeracions-miquel-garcia.png HTTP/2" 200 11123 "-" "Mozilla/5.0 (X11; Ubuntu; Linux x86_64; rv:50.0) Gecko/20100101 Firefox/50.0"
137.226.113.34 - - [26/Feb/2020:19:57:20 +0100] "GET /images/clients/just-packaging.png HTTP/2" 200 12624 "-" "Mozilla/5.0 (X11; Ubuntu; Linux x86_64; rv:50.0) Gecko/20100101 Firefox/50.0"
137.226.113.34 - - [26/Feb/2020:19:57:20 +0100] "GET /images/laplana-foo.svg HTTP/2" 200 5210 "-" "Mozilla/5.0 (X11; Ubuntu; Linux x86_64; rv:50.0) Gecko/20100101 Firefox/50.0"
137.226.113.34 - - [26/Feb/2020:19:57:20 +0100] "GET /images/clients/arenes-bellpuig.png HTTP/2" 200 17575 "-" "Mozilla/5.0 (X11; Ubuntu; Linux x86_64; rv:50.0) Gecko/20100101 Firefox/50.0"
137.226.113.34 - - [26/Feb/2020:19:57:20 +0100] "GET /images/blog/entrevista-igelephant.jpg HTTP/2" 200 27211 "-" "Mozilla/5.0 (X11; Ubuntu; Linux x86_64; rv:50.0) Gecko/20100101 Firefox/50.0"
137.226.113.34 - - [26/Feb/2020:19:57:20 +0100] "GET /images/equipo/felix-portabella.jpg HTTP/2" 200 41057 "-" "Mozilla/5.0 (X11; Ubuntu; Linux x86_64; rv:50.0) Gecko/20100101 Firefox/50.0"
137.226.113.34 - - [26/Feb/2020:19:57:20 +0100] "GET /images/sage-logo.png HTTP/2" 200 15028 "-" "Mozilla/5.0 (X11; Ubuntu; Linux x86_64; rv:50.0) Gecko/20100101 Firefox/50.0"
137.226.113.34 - - [26/Feb/2020:19:57:20 +0100] "GET /images/clients/circusa.png HTTP/2" 200 22426 "-" "Mozilla/5.0 (X11; Ubuntu; Linux x86_64; rv:50.0) Gecko/20100101 Firefox/50.0"
137.226.113.34 - - [26/Feb/2020:19:57:20 +0100] "GET /images/clients/semillas-el-solc.png HTTP/2" 200 35328 "-" "Mozilla/5.0 (X11; Ubuntu; Linux x86_64; rv:50.0) Gecko/20100101 Firefox/50.0"
137.226.113.34 - - [26/Feb/2020:19:57:20 +0100] "GET /images/clients/cereales-vicente-lopez.png HTTP/2" 200 20178 "-" "Mozilla/5.0 (X11; Ubuntu; Linux x86_64; rv:50.0) Gecko/20100101 Firefox/50.0"
137.226.113.34 - - [26/Feb/2020:19:57:20 +0100] "GET /images/clients/repara-tus-llantas.png HTTP/2" 200 50907 "-" "Mozilla/5.0 (X11; Ubuntu; Linux x86_64; rv:50.0) Gecko/20100101 Firefox/50.0"
137.226.113.34 - - [26/Feb/2020:19:57:20 +0100] "GET /images/clients/dolset.png HTTP/2" 200 36714 "-" "Mozilla/5.0 (X11; Ubuntu; Linux x86_64; rv:50.0) Gecko/20100101 Firefox/50.0"
137.226.113.34 - - [26/Feb/2020:19:57:20 +0100] "GET /images/blog/entrevista-affinity.jpg HTTP/2" 200 30383 "-" "Mozilla/5.0 (X11; Ubuntu; Linux x86_64; rv:50.0) Gecko/20100101 Firefox/50.0"
137.226.113.34 - - [26/Feb/2020:19:57:20 +0100] "GET /images/ptf9.png HTTP/2" 200 170620 "-" "Mozilla/5.0 (X11; Ubuntu; Linux x86_64; rv:50.0) Gecko/20100101 Firefox/50.0"
137.226.113.34 - - [26/Feb/2020:19:57:20 +0100] "GET /images/affinity-solutions-foo.svg HTTP/2" 200 168568 "-" "Mozilla/5.0 (X11; Ubuntu; Linux x86_64; rv:50.0) Gecko/20100101 Firefox/50.0"
137.226.113.34 - - [26/Feb/2020:19:57:20 +0100] "GET /fonts/font-awesome/css/font-awesome.min.css HTTP/2" 200 7952 "-" "Mozilla/5.0 (X11; Ubuntu; Linux x86_64; rv:50.0) Gecko/20100101 Firefox/50.0"
137.226.113.34 - - [26/Feb/2020:19:57:20 +0100] "GET /css/base-sizing.css HTTP/2" 200 9021 "-" "Mozilla/5.0 (X11; Ubuntu; Linux x86_64; rv:50.0) Gecko/20100101 Firefox/50.0"
137.226.113.34 - - [26/Feb/2020:19:57:20 +0100] "GET /js/modernizr.min.js HTTP/2" 200 5774 "-" "Mozilla/5.0 (X11; Ubuntu; Linux x86_64; rv:50.0) Gecko/20100101 Firefox/50.0"
137.226.113.34 - - [26/Feb/2020:19:57:20 +0100] "GET /js/plugins/_sliders/slick/slick.js HTTP/2" 200 14956 "-" "Mozilla/5.0 (X11; Ubuntu; Linux x86_64; rv:50.0) Gecko/20100101 Firefox/50.0"
137.226.113.34 - - [26/Feb/2020:19:57:20 +0100] "GET /js/kl-scripts.js HTTP/2" 200 12869 "-" "Mozilla/5.0 (X11; Ubuntu; Linux x86_64; rv:50.0) Gecko/20100101 Firefox/50.0"
137.226.113.34 - - [26/Feb/2020:19:57:20 +0100] "GET /css/bootstrap.css HTTP/2" 200 22859 "-" "Mozilla/5.0 (X11; Ubuntu; Linux x86_64; rv:50.0) Gecko/20100101 Firefox/50.0"
137.226.113.34 - - [26/Feb/2020:19:57:20 +0100] "GET /css/responsive.css HTTP/2" 200 14528 "-" "Mozilla/5.0 (X11; Ubuntu; Linux x86_64; rv:50.0) Gecko/20100101 Firefox/50.0"
137.226.113.34 - - [26/Feb/2020:19:57:20 +0100] "GET /js/bootstrap.min.js HTTP/2" 200 20811 "-" "Mozilla/5.0 (X11; Ubuntu; Linux x86_64; rv:50.0) Gecko/20100101 Firefox/50.0"
137.226.113.34 - - [26/Feb/2020:19:57:20 +0100] "GET /js/jquery.js HTTP/2" 200 30358 "-" "Mozilla/5.0 (X11; Ubuntu; Linux x86_64; rv:50.0) Gecko/20100101 Firefox/50.0"
137.226.113.34 - - [26/Feb/2020:19:57:20 +0100] "GET /js/kl-plugins.js HTTP/2" 200 28509 "-" "Mozilla/5.0 (X11; Ubuntu; Linux x86_64; rv:50.0) Gecko/20100101 Firefox/50.0"
137.226.113.34 - - [26/Feb/2020:19:57:20 +0100] "GET /css/template.css HTTP/2" 200 85158 "-" "Mozilla/5.0 (X11; Ubuntu; Linux x86_64; rv:50.0) Gecko/20100101 Firefox/50.0"
137.226.113.28 - - [26/Feb/2020:23:47:45 +0100] "GET / HTTP/1.1" 200 13547 "-" "Mozilla/5.0 zgrab/0.x (compatible; Researchscan/t13rl; +http://researchscan.comsys.rwth-aachen.de)"
35.162.70.167 - - [27/Feb/2020:08:26:44 +0100] "HEAD / HTTP/1.1" 200 438 "-" "Go-http-client/1.1"
54.200.72.130 - - [28/Feb/2020:04:28:02 +0100] "GET / HTTP/1.1" 200 13547 "-" "Go-http-client/1.1"
209.17.97.10 - - [28/Feb/2020:06:53:33 +0100] "GET / HTTP/1.1" 200 66836 "-" "Mozilla/5.0 (compatible; Nimbostratus-Bot/v1.3.2; http://cloudsystemnetworks.com)"
54.213.2.180 - - [29/Feb/2020:04:16:08 +0100] "GET / HTTP/1.1" 200 13547 "-" "Go-http-client/1.1"
52.34.24.33 - - [01/Mar/2020:15:12:15 +0100] "HEAD / HTTP/1.1" 200 438 "-" "Go-http-client/1.1"
54.188.109.148 - - [02/Mar/2020:03:33:46 +0100] "GET / HTTP/1.1" 200 13547 "-" "Go-http-client/1.1"
52.41.211.72 - - [03/Mar/2020:03:47:56 +0100] "HEAD / HTTP/1.1" 200 438 "-" "Go-http-client/1.1"
137.226.113.28 - - [03/Mar/2020:03:48:27 +0100] "GET / HTTP/1.1" 200 13547 "-" "Mozilla/5.0 zgrab/0.x (compatible; Researchscan/t12ca; +http://researchscan.comsys.rwth-aachen.de)"
137.226.113.27 - - [03/Mar/2020:07:10:17 +0100] "GET / HTTP/1.1" 200 13547 "-" "Mozilla/5.0 zgrab/0.x (compatible; Researchscan/t12sns; +http://researchscan.comsys.rwth-aachen.de)"
51.158.98.226 - - [03/Mar/2020:15:13:56 +0100] "GET / HTTP/1.1" 200 13547 "-" "Mozilla/5.0 (Macintosh; Intel Mac OS X 10_14_1) AppleWebKit/537.36 (KHTML, like Gecko) Chrome/73.0.3683.86 Safari/537.36"
51.158.98.226 - - [03/Mar/2020:15:13:56 +0100] "GET / HTTP/1.1" 200 13547 "-" "Mozilla/5.0 (Macintosh; Intel Mac OS X 10_14_1) AppleWebKit/537.36 (KHTML, like Gecko) Chrome/73.0.3683.86 Safari/537.36"
209.17.96.98 - - [03/Mar/2020:19:00:53 +0100] "GET / HTTP/1.1" 200 66836 "-" "Mozilla/5.0 (compatible; Nimbostratus-Bot/v1.3.2; http://cloudsystemnetworks.com)"
18.236.93.15 - - [04/Mar/2020:03:40:16 +0100] "GET / HTTP/1.1" 200 13547 "-" "Go-http-client/1.1"
137.226.113.26 - - [04/Mar/2020:08:53:39 +0100] "GET / HTTP/1.1" 200 13547 "-" "Mozilla/5.0 zgrab/0.x (compatible; Researchscan/t13rl; +http://researchscan.comsys.rwth-aachen.de)"
51.15.233.22 - - [04/Mar/2020:20:51:35 +0100] "GET / HTTP/1.1" 200 13547 "-" "Mozilla/5.0 (Macintosh; Intel Mac OS X 10_14_1) AppleWebKit/537.36 (KHTML, like Gecko) Chrome/73.0.3683.86 Safari/537.36"
51.15.233.22 - - [04/Mar/2020:20:51:36 +0100] "GET / HTTP/1.1" 200 13547 "-" "Mozilla/5.0 (Macintosh; Intel Mac OS X 10_14_1) AppleWebKit/537.36 (KHTML, like Gecko) Chrome/73.0.3683.86 Safari/537.36"
35.162.70.167 - - [05/Mar/2020:13:39:23 +0100] "HEAD / HTTP/1.1" 200 438 "-" "Go-http-client/1.1"
54.36.149.77 - - [05/Mar/2020:16:14:47 +0100] "GET /robots.txt HTTP/1.1" 200 511 "-" "Mozilla/5.0 (compatible; AhrefsBot/6.1; +http://ahrefs.com/robot/)"
54.36.148.19 - - [06/Mar/2020:04:05:25 +0100] "GET /robots.txt HTTP/1.1" 200 511 "-" "Mozilla/5.0 (compatible; AhrefsBot/6.1; +http://ahrefs.com/robot/)"
137.226.113.34 - - [06/Mar/2020:11:07:40 +0100] "GET / HTTP/2" 200 13062 "-" "Mozilla/5.0 (X11; Ubuntu; Linux x86_64; rv:50.0) Gecko/20100101 Firefox/50.0"
137.226.113.34 - - [06/Mar/2020:11:07:40 +0100] "GET /images/ig-logo.svg HTTP/2" 200 1090 "-" "Mozilla/5.0 (X11; Ubuntu; Linux x86_64; rv:50.0) Gecko/20100101 Firefox/50.0"
137.226.113.34 - - [06/Mar/2020:11:07:40 +0100] "GET /images/hb-hiring.svg HTTP/2" 200 1882 "-" "Mozilla/5.0 (X11; Ubuntu; Linux x86_64; rv:50.0) Gecko/20100101 Firefox/50.0"
137.226.113.34 - - [06/Mar/2020:11:07:40 +0100] "GET /images/quote1.svg HTTP/2" 200 745 "-" "Mozilla/5.0 (X11; Ubuntu; Linux x86_64; rv:50.0) Gecko/20100101 Firefox/50.0"
137.226.113.34 - - [06/Mar/2020:11:07:40 +0100] "GET /images/aina-foo.svg HTTP/2" 200 651 "-" "Mozilla/5.0 (X11; Ubuntu; Linux x86_64; rv:50.0) Gecko/20100101 Firefox/50.0"
137.226.113.34 - - [06/Mar/2020:11:07:40 +0100] "GET /images/irongate-foo.svg HTTP/2" 200 513 "-" "Mozilla/5.0 (X11; Ubuntu; Linux x86_64; rv:50.0) Gecko/20100101 Firefox/50.0"
137.226.113.34 - - [06/Mar/2020:11:07:40 +0100] "GET /images/laplana-foo.svg HTTP/2" 200 5210 "-" "Mozilla/5.0 (X11; Ubuntu; Linux x86_64; rv:50.0) Gecko/20100101 Firefox/50.0"
137.226.113.34 - - [06/Mar/2020:11:07:40 +0100] "GET /images/ig-hispania-foo.svg HTTP/2" 200 643 "-" "Mozilla/5.0 (X11; Ubuntu; Linux x86_64; rv:50.0) Gecko/20100101 Firefox/50.0"
137.226.113.34 - - [06/Mar/2020:11:07:40 +0100] "GET /images/ahora-logo.png HTTP/2" 200 15057 "-" "Mozilla/5.0 (X11; Ubuntu; Linux x86_64; rv:50.0) Gecko/20100101 Firefox/50.0"
